DISNEY+
PROGRAMS
Guardians of the Galaxy,Sci-Fi,James Gunn,2014
Hidden Figures,Drama,Theodore Melfi,2016
Home Alone,Family,Chris Columbus,1990
Rogue One,Sci-Fi,Gareth Edwards,2016
WandaVision,Sci-Fi,Jac Schaeffer,2021
SUBSCRIBERS
Stan,thewriter,lee1922
Walt,thefounder,l33t_artist
